// Vitest Snapshot v1, https://vitest.dev/guide/snapshot.html

exports[`contains all the oxlint rules 1`] = `undefined`;
